-- summary --
CallHierarchyCount = 2
CodeLensCount = 5
CompletionsCount = 263
CompletionSnippetCount = 115
UnimportedCompletionsCount = 5
DeepCompletionsCount = 5
FuzzyCompletionsCount = 8
RankedCompletionsCount = 174
CaseSensitiveCompletionsCount = 4
DiagnosticsCount = 38
FoldingRangesCount = 2
FormatCount = 6
ImportCount = 8
SemanticTokenCount = 3
SuggestedFixCount = 67
FunctionExtractionCount = 25
MethodExtractionCount = 6
DefinitionsCount = 106
TypeDefinitionsCount = 18
HighlightsCount = 69
InlayHintsCount = 5
ReferencesCount = 27
RenamesCount = 48
PrepareRenamesCount = 7
SymbolsCount = 5
WorkspaceSymbolsCount = 20
SignaturesCount = 33
LinksCount = 7
ImplementationsCount = 14

